<area shape="rect" href="$editor_8h.html" title="code/pgrid/src/editor.h" alt="" coords="745,84,908,111">
<area shape="rect" href="$editor_8cpp.html" title="code/pgrid/src/editor.cpp" alt="" coords="159,548,335,575">
<area shape="rect" href="$editortools_8cpp.html" title="code/pgrid/src/editortools.cpp" alt="" coords="449,548,657,575">
<area shape="rect" href="$particles_8cpp.html" title="code/pgrid/src/particles.cpp" alt="" coords="876,548,1071,575">
<area shape="rect" href="$texture_8cpp.html" title="code/pgrid/src/texture.cpp" alt="" coords="1615,548,1804,575">
<area shape="rect" href="$grid_8h.html" title="code/pgrid/src/grid.h" alt="" coords="440,161,589,188">
<area shape="rect" href="$workspace_8h.html" title="code/pgrid/src/workspace.h" alt="" coords="1376,471,1571,497">
<area shape="rect" href="$grid_8cpp.html" title="code/pgrid/src/grid.cpp" alt="" coords="195,393,360,420">
<area shape="rect" href="$editortools_8h.html" title="code/pgrid/src/editortools.h" alt="" coords="549,471,744,497">
<area shape="rect" href="$layer_8h.html" title="code/pgrid/src/layer.h" alt="" coords="552,239,709,265">
<area shape="rect" href="$layer_8cpp.html" title="code/pgrid/src/layer.cpp" alt="" coords="435,393,605,420">
<area shape="rect" href="$image_8h.html" title="code/pgrid/src/image.h" alt="" coords="667,316,832,343">
<area shape="rect" href="$pgrid_8h.html" title="code/pgrid/src/pgrid.h" alt="" coords="883,393,1040,420">
<area shape="rect" href="$particles_8h.html" title="code/pgrid/src/particles.h" alt="" coords="245,471,424,497">
<area shape="rect" href="$pgrid_8cpp.html" title="code/pgrid/src/pgrid.cpp" alt="" coords="1417,548,1591,575">
<area shape="rect" href="$main_8cpp.html" title="code/pgrid/src/main.cpp" alt="" coords="920,471,1093,497">
<area shape="rect" href="$screen_8cpp.html" title="code/pgrid/src/screen.cpp" alt="" coords="1117,471,1301,497">
<area shape="rect" href="$workspace_8cpp.html" title="code/pgrid/src/workspace.cpp" alt="" coords="1185,548,1393,575">
