<area shape="rect" href="$classt__editor.html" title="t_editor" alt="" coords="271,115,340,141">
<area shape="rect" title="editor" alt="" coords="267,137,275,145">
<area shape="rect" title="editor" alt="" coords="140,219,148,227">
<area shape="rect" href="$classt__pgrid.html" title="t_pgrid" alt="" coords="616,223,680,249">
<area shape="rect" title="editor" alt="" coords="321,139,329,147">
<area shape="rect" title="editor" alt="" coords="612,231,620,239">
<area shape="rect" href="$classt__editortool.html" title="t_editortool" alt="" coords="231,223,324,249">
<area shape="rect" title="editor" alt="" coords="275,139,283,147">
<area shape="rect" title="editor" alt="" coords="256,219,264,227">
<area shape="rect" href="$classinput__handler.html" title="input_handler" alt="" coords="125,7,232,33">
<area shape="rect" title="pgrid" alt="" coords="612,221,620,229">
<area shape="rect" title="pgrid" alt="" coords="337,136,345,144">
<area shape="rect" title="instance" alt="" coords="660,219,668,227">
<area shape="rect" title="instance" alt="" coords="664,247,672,255">
<area shape="rect" href="$structt__pgrid_1_1__mouse.html" title="t_pgrid::_mouse" alt="" coords="739,115,861,141">
<area shape="rect" title="mouse" alt="" coords="775,139,783,147">
<area shape="rect" title="mouse" alt="" coords="663,219,671,227">
<area shape="rect" href="$structvec.html" title="vec" alt="" coords="627,7,669,33">
<area shape="rect" title="mousepos\nmousevel" alt="" coords="644,31,652,39">
<area shape="rect" title="mousepos\nmousevel" alt="" coords="644,219,652,227">
<area shape="rect" title="lastmousemove\nlerpedmousepos\nmouse_img_pos" alt="" coords="623,28,631,36">
<area shape="rect" title="lastmousemove\nlerpedmousepos\nmouse_img_pos" alt="" coords="321,227,329,235">
<area shape="rect" href="$structt__screen.html" title="t_screen" alt="" coords="885,115,960,141">
<area shape="rect" title="screen" alt="" coords="892,139,900,147">
<area shape="rect" title="screen" alt="" coords="677,223,685,231">
<area shape="rect" title="tools" alt="" coords="277,219,285,227">
<area shape="rect" title="tools" alt="" coords="297,139,305,147">
<area shape="rect" href="$classt__brush.html" title="t_brush" alt="" coords="271,7,340,33">
<area shape="rect" title="curbrush" alt="" coords="301,31,309,39">
<area shape="rect" title="curbrush" alt="" coords="301,111,309,119">
<area shape="rect" href="$classt__gridpoint.html" title="t_gridpoint" alt="" coords="5,115,93,141">
<area shape="rect" title="gridpoints" alt="" coords="41,139,49,147">
<area shape="rect" title="gridpoints" alt="" coords="99,227,107,235">
<area shape="rect" href="$structrgbabcolor.html" title="rgbabcolor" alt="" coords="5,7,93,33">
<area shape="rect" title="color" alt="" coords="45,31,53,39">
<area shape="rect" title="color" alt="" coords="45,111,53,119">
