<area shape="rect" href="$classt__pgrid.html" title="t_pgrid" alt="" coords="488,223,552,249">
<area shape="rect" title="editor" alt="" coords="203,135,211,143">
<area shape="rect" title="editor" alt="" coords="484,221,492,229">
<area shape="rect" href="$classt__editortool.html" title="t_editortool" alt="" coords="89,223,183,249">
<area shape="rect" title="editor" alt="" coords="137,139,145,147">
<area shape="rect" title="editor" alt="" coords="116,219,124,227">
<area shape="rect" href="$classinput__handler.html" title="input_handler" alt="" coords="5,7,112,33">
<area shape="rect" title="pgrid" alt="" coords="484,231,492,239">
<area shape="rect" title="pgrid" alt="" coords="176,139,184,147">
<area shape="rect" title="instance" alt="" coords="532,219,540,227">
<area shape="rect" title="instance" alt="" coords="536,247,544,255">
<area shape="rect" href="$structt__pgrid_1_1__mouse.html" title="t_pgrid::_mouse" alt="" coords="696,115,819,141">
<area shape="rect" title="mouse" alt="" coords="727,139,735,147">
<area shape="rect" title="mouse" alt="" coords="549,221,557,229">
<area shape="rect" href="$structvec.html" title="vec" alt="" coords="584,7,627,33">
<area shape="rect" title="mousepos\nmousevel" alt="" coords="601,31,609,39">
<area shape="rect" title="mousepos\nmousevel" alt="" coords="540,219,548,227">
<area shape="rect" title="lastmousemove\nlerpedmousepos\nmouse_img_pos" alt="" coords="580,17,588,25">
<area shape="rect" title="lastmousemove\nlerpedmousepos\nmouse_img_pos" alt="" coords="180,228,188,236">
<area shape="rect" href="$structt__screen.html" title="t_screen" alt="" coords="483,115,557,141">
<area shape="rect" title="screen" alt="" coords="516,139,524,147">
<area shape="rect" title="screen" alt="" coords="516,219,524,227">
<area shape="rect" title="tools" alt="" coords="136,219,144,227">
<area shape="rect" title="tools" alt="" coords="161,139,169,147">
<area shape="rect" href="$classt__brush.html" title="t_brush" alt="" coords="136,7,205,33">
<area shape="rect" title="curbrush" alt="" coords="167,31,175,39">
<area shape="rect" title="curbrush" alt="" coords="167,111,175,119">
