<area shape="rect" title="instance" alt="" coords="140,196,148,204">
<area shape="rect" title="instance" alt="" coords="143,224,151,232">
<area shape="rect" href="$classt__editor.html" title="t_editor" alt="" coords="263,308,332,335">
<area shape="rect" title="pgrid" alt="" coords="133,224,141,232">
<area shape="rect" title="pgrid" alt="" coords="259,313,267,321">
<area shape="rect" href="$structt__pgrid_1_1__mouse.html" title="t_pgrid::_mouse" alt="" coords="5,89,128,116">
<area shape="rect" title="mouse" alt="" coords="72,113,80,121">
<area shape="rect" title="mouse" alt="" coords="120,196,128,204">
<area shape="rect" href="$structvec.html" title="vec" alt="" coords="155,7,197,33">
<area shape="rect" title="mousepos\nmousevel" alt="" coords="171,31,179,39">
<area shape="rect" title="mousepos\nmousevel" alt="" coords="135,196,143,204">
<area shape="rect" href="$classt__editortool.html" title="t_editortool" alt="" coords="343,404,436,431">
<area shape="rect" title="lastmousemove\nlerpedmousepos\nmouse_img_pos" alt="" coords="195,17,203,25">
<area shape="rect" title="lastmousemove\nlerpedmousepos\nmouse_img_pos" alt="" coords="429,400,437,408">
<area shape="rect" href="$structt__screen.html" title="t_screen" alt="" coords="267,89,341,116">
<area shape="rect" title="screen" alt="" coords="277,113,285,121">
<area shape="rect" title="screen" alt="" coords="149,196,157,204">
<area shape="rect" title="editor" alt="" coords="272,304,280,312">
<area shape="rect" title="editor" alt="" coords="151,224,159,232">
<area shape="rect" title="editor" alt="" coords="285,332,293,340">
<area shape="rect" title="editor" alt="" coords="339,401,347,409">
<area shape="rect" href="$classinput__handler.html" title="input_handler" alt="" coords="359,200,465,227">
<area shape="rect" title="tools" alt="" coords="372,400,380,408">
<area shape="rect" title="tools" alt="" coords="307,332,315,340">
<area shape="rect" href="$classt__brush.html" title="t_brush" alt="" coords="265,200,335,227">
<area shape="rect" title="curbrush" alt="" coords="296,224,304,232">
<area shape="rect" title="curbrush" alt="" coords="293,304,301,312">
