<area shape="rect" href="$classt__pgrid.html#75de7e15f1b14c8b15ce887f8550f7f3" title="t_pgrid::getinstance" alt="" coords="156,31,303,57">
<area shape="rect" href="$classt__pgrid.html#995642858ac0bdaedf046fb8c15404d1" title="t_pgrid::t_pgrid" alt="" coords="352,31,469,57">
<area shape="rect" href="$structt__screen.html#2cb23e85d32c2e5aa53238846badf08f" title="t_screen::init" alt="" coords="519,31,620,57">
<area shape="rect" href="$main_8h.html#915f6be42635bd8c8ff1980c11b18d1d" title="fatal" alt="" coords="704,5,755,32">
<area shape="rect" href="$structt__screen.html#f7f0587af7cbaff8fa4ebbd8224c0baa" title="t_screen::gl_init" alt="" coords="669,56,789,83">
<area shape="rect" href="$structt__screen.html#cdf9876f0231b18aac0e14beb67ac375" title="t_screen::rebuildtextures" alt="" coords="837,5,1019,32">
<area shape="rect" href="$structt__screen.html#bdf0dfd749ffecb5cc5c7e3c7f781d9b" title="t_screen::setortho" alt="" coords="859,56,997,83">
<area shape="rect" href="$structt__screen.html#19830cb03fa8b7ac94a8eef0f713455f" title="t_screen::setperspective" alt="" coords="839,107,1017,133">
<area shape="rect" href="$structt__screen.html#c502b8d99d6c63867cdfe08a0f9ab2ed" title="t_screen::calcplanedist" alt="" coords="1067,56,1232,83">
<area shape="rect" href="$structt__screen.html#741e28d23b45b2755009a1fd8710371d" title="t_screen::getaspect" alt="" coords="1076,107,1223,133">
<area shape="rect" href="$structt__screen.html#4db334f3239146b0d1634780833c3927" title="t_screen::getyfov" alt="" coords="1083,157,1216,184">
