<area shape="rect" href="$classt__workspace.html#59d42b7b5a7d93afb348ce3eaad0d3ca" title="t_workspace::dozoom" alt="" coords="303,43,463,69">
<area shape="rect" href="$classt__workspace.html#63e6e2a03d0b6d44548fbc8900b0844d" title="t_workspace::screen2img" alt="" coords="512,5,696,32">
<area shape="rect" href="$classt__workspace.html#02a09f6b9b745d53177cfff1f4ab9bcc" title="t_workspace::setcenter" alt="" coords="519,81,689,108">
<area shape="rect" href="$classt__pgrid.html#9ebe32ea75a8f47f40622f767998317d" title="t_pgrid::getkeystate" alt="" coords="308,144,457,171">
<area shape="rect" href="$structvec.html#91e9b6ae84d2aec1e846966040071e62" title="vec::len" alt="" coords="348,195,417,221">
<area shape="rect" href="$structvec.html#719ee794f1c4ff8afd464e76651c650f" title="vec::sub" alt="" coords="345,245,420,272">
<area shape="rect" href="$classt__pgrid.html#4215a489c4c1fdd4dd6b50ec86873d51" title="t_pgrid::time" alt="" coords="332,296,433,323">
<area shape="rect" href="$structvec.html#91e4342810f7c48a073fdfcf7f21665a" title="vec::squaredlen" alt="" coords="543,195,665,221">
