<area shape="rect" href="$classdyninputhandler.html" title="dyninputhandler" alt="" coords="5,180,131,207">
<area shape="rect" href="$classinput__handler.html" title="input_handler" alt="" coords="97,7,204,33">
<area shape="rect" href="$classt__editor.html" title="t_editor" alt="" coords="343,115,412,141">
<area shape="rect" href="$classt__editortool.html" title="t_editortool" alt="" coords="188,233,281,260">
<area shape="rect" href="$classt__grid.html" title="t_grid" alt="" coords="459,233,515,260">
<area shape="rect" title="grid" alt="" coords="512,252,520,260">
<area shape="rect" title="grid" alt="" coords="744,325,752,333">
<area shape="rect" title="editor" alt="" coords="372,139,380,147">
<area shape="rect" title="editor" alt="" coords="744,335,752,343">
<area shape="rect" title="editor" alt="" coords="384,139,392,147">
<area shape="rect" title="editor" alt="" coords="467,229,475,237">
<area shape="rect" href="$classt__pgrid.html" title="t_pgrid" alt="" coords="668,233,732,260">
<area shape="rect" title="editor" alt="" coords="397,139,405,147">
<area shape="rect" title="editor" alt="" coords="675,229,683,237">
<area shape="rect" title="editor" alt="" coords="347,139,355,147">
<area shape="rect" title="editor" alt="" coords="231,229,239,237">
<area shape="rect" title="pgrid" alt="" coords="664,236,672,244">
<area shape="rect" title="pgrid" alt="" coords="399,139,407,147">
<area shape="rect" title="instance" alt="" coords="712,229,720,237">
<area shape="rect" title="instance" alt="" coords="716,257,724,265">
<area shape="rect" href="$structt__pgrid_1_1__mouse.html" title="t_pgrid::_mouse" alt="" coords="676,115,799,141">
<area shape="rect" title="mouse" alt="" coords="729,139,737,147">
<area shape="rect" title="mouse" alt="" coords="701,229,709,237">
<area shape="rect" href="$structvec.html" title="vec" alt="" coords="603,7,645,33">
<area shape="rect" title="mousepos\nmousevel" alt="" coords="611,31,619,39">
<area shape="rect" title="mousepos\nmousevel" alt="" coords="696,229,704,237">
<area shape="rect" title="lastmousemove\nlerpedmousepos\nmouse_img_pos" alt="" coords="599,20,607,28">
<area shape="rect" title="lastmousemove\nlerpedmousepos\nmouse_img_pos" alt="" coords="224,229,232,237">
<area shape="rect" href="$structt__particles_1_1t__quadarray.html" title="t_particles::t_quadarray" alt="" coords="921,115,1095,141">
<area shape="rect" title="texcoords" alt="" coords="643,23,651,31">
<area shape="rect" title="texcoords" alt="" coords="956,111,964,119">
<area shape="rect" href="$structt__screen.html" title="t_screen" alt="" coords="823,115,897,141">
<area shape="rect" title="screen" alt="" coords="843,139,851,147">
<area shape="rect" title="screen" alt="" coords="728,229,736,237">
<area shape="rect" title="tools" alt="" coords="255,229,263,237">
<area shape="rect" title="tools" alt="" coords="359,139,367,147">
<area shape="rect" href="$classt__brush.html" title="t_brush" alt="" coords="343,7,412,33">
<area shape="rect" title="curbrush" alt="" coords="373,31,381,39">
<area shape="rect" title="curbrush" alt="" coords="373,111,381,119">
<area shape="rect" href="$classt__gridpoint.html" title="t_gridpoint" alt="" coords="443,115,531,141">
<area shape="rect" title="gridpoints" alt="" coords="483,139,491,147">
<area shape="rect" title="gridpoints" alt="" coords="483,229,491,237">
<area shape="rect" href="$structrgbabcolor.html" title="rgbabcolor" alt="" coords="443,7,531,33">
<area shape="rect" title="color" alt="" coords="483,31,491,39">
<area shape="rect" title="color" alt="" coords="483,111,491,119">
<area shape="rect" title="quadarray" alt="" coords="989,139,997,147">
<area shape="rect" title="quadarray" alt="" coords="800,325,808,333">
<area shape="rect" href="$structvert3.html" title="vert3" alt="" coords="980,7,1036,33">
<area shape="rect" title="verts" alt="" coords="1004,31,1012,39">
<area shape="rect" title="verts" alt="" coords="1004,111,1012,119">
<area shape="rect" href="$structvector.html" title="vector\&lt; T \&gt;" alt="" coords="989,233,1088,260">
<area shape="rect" title="particles" alt="" coords="1007,257,1015,265">
<area shape="rect" title="particles" alt="" coords="831,327,839,335">
<area shape="rect" title="buf" alt="" coords="1121,139,1129,147">
<area shape="rect" title="buf" alt="" coords="1045,229,1053,237">
<area shape="rect" href="$structt__texture.html" title="t_texture" alt="" coords="1112,233,1192,260">
<area shape="rect" title="texture" alt="" coords="1120,257,1128,265">
<area shape="rect" title="texture" alt="" coords="831,335,839,343">
