<area shape="rect" href="$classt__particles.html#10fb6094275ed3c0ccb9ae4134881fbc" title="t_particles::phys_tick" alt="" coords="188,348,340,375">
<area shape="rect" href="$classt__grid.html#a04984d024f116d9cbc08a1700f7d383" title="t_grid::phys_tick" alt="" coords="203,512,325,539">
<area shape="rect" href="$classt__particles.html#db81e661365ec34b376f43e559fd9ada" title="t_particles::complexphysics" alt="" coords="391,233,585,260">
<area shape="rect" href="$structt__grid_1_1t__interpolated__point.html#a40e46d3675ac7f3beb587601a9f6253" title="t_grid::t_interpolated_point::add" alt="" coords="636,208,860,235">
<area shape="rect" href="$structvec.html#9f102a2f7b4a09043c6aec0ee549a5cf" title="vec::add" alt="" coords="711,259,785,285">
<area shape="rect" href="$structt__particles_1_1t__quadarray.html#7a04f78622f631f49f167b1901841f9a" title="t_particles::t_quadarray::alloc" alt="" coords="644,309,852,336">
<area shape="rect" href="$classt__particles.html#dba38915837bd36295071fe3485ad4d9" title="t_particles::clamp_particle" alt="" coords="655,360,841,387">
<area shape="rect" href="$structt__grid_1_1t__interpolated__point.html#1f447fb8d53f022a1dd613e536684193" title="t_grid::t_interpolated_point::lerp" alt="" coords="636,411,860,437">
<area shape="rect" href="$structvec.html#f7792320a1e70efcf9a393b818279746" title="vec::mul" alt="" coords="711,5,785,32">
<area shape="rect" href="$structvec.html#4056da5381a8baf4edc0d84d3bbbd4f3" title="vec::random_deviation" alt="" coords="664,56,832,83">
<area shape="rect" href="$structvector.html#d29a61da85bd9fe9848e1600611e3b60" title="vector::size" alt="" coords="701,107,795,133">
<area shape="rect" href="$structvec.html#91e4342810f7c48a073fdfcf7f21665a" title="vec::squaredlen" alt="" coords="687,157,809,184">
<area shape="rect" href="$classt__editor.html#311d337b45d625c14febb2719fc6d951" title="t_editor::dowrap" alt="" coords="911,436,1036,463">
<area shape="rect" href="$structvec.html#c6dcb6284ea28bf4b110613887f763cf" title="vec::vec" alt="" coords="936,56,1011,83">
<area shape="rect" href="$classt__grid.html#84a07a228864e874b983100d167cdf46" title="t_grid::fade" alt="" coords="441,588,535,615">
<area shape="rect" href="$classt__grid.html#4403021b5f966aa473c208cb108d34da" title="t_grid::getpoint" alt="" coords="429,512,547,539">
<area shape="rect" href="$x86_8h.html#2de8c31d272d6535eeac14f090a63652" title="x86_fade_height" alt="" coords="684,613,812,640">
<area shape="rect" href="$classt__grid.html#3f84072d963ab7c11e81d0ad92162601" title="t_grid::clamp" alt="" coords="696,563,800,589">
<area shape="rect" href="$classt__grid.html#e95d085a285e7feed6831253c11bf9f0" title="t_grid::wrap" alt="" coords="700,461,796,488">
