<area shape="rect" href="$classt__editortool.html" title="t_editortool" alt="" coords="157,137,251,164">
<area shape="rect" href="$classt__editor.html" title="t_editor" alt="" coords="72,249,141,276">
<area shape="rect" title="tools" alt="" coords="167,161,175,169">
<area shape="rect" title="tools" alt="" coords="105,245,113,253">
<area shape="rect" href="$classinput__handler.html" title="input_handler" alt="" coords="5,7,112,33">
<area shape="rect" title="editor" alt="" coords="136,245,144,253">
<area shape="rect" title="editor" alt="" coords="197,161,205,169">
<area shape="rect" href="$classt__pgrid.html" title="t_pgrid" alt="" coords="363,345,427,372">
<area shape="rect" title="editor" alt="" coords="139,271,147,279">
<area shape="rect" title="editor" alt="" coords="365,341,373,349">
<area shape="rect" title="pgrid" alt="" coords="359,349,367,357">
<area shape="rect" title="pgrid" alt="" coords="131,273,139,281">
<area shape="rect" title="instance" alt="" coords="407,341,415,349">
<area shape="rect" title="instance" alt="" coords="411,369,419,377">
<area shape="rect" href="$structt__pgrid_1_1__mouse.html" title="t_pgrid::_mouse" alt="" coords="468,193,591,220">
<area shape="rect" title="mouse" alt="" coords="499,217,507,225">
<area shape="rect" title="mouse" alt="" coords="397,341,405,349">
<area shape="rect" href="$structvec.html" title="vec" alt="" coords="373,7,416,33">
<area shape="rect" title="lastmousemove\nlerpedmousepos\nmouse_img_pos" alt="" coords="369,19,377,27">
<area shape="rect" title="lastmousemove\nlerpedmousepos\nmouse_img_pos" alt="" coords="207,133,215,141">
<area shape="rect" title="mousepos\nmousevel" alt="" coords="389,31,397,39">
<area shape="rect" title="mousepos\nmousevel" alt="" coords="389,341,397,349">
<area shape="rect" href="$structt__screen.html" title="t_screen" alt="" coords="524,249,599,276">
<area shape="rect" title="screen" alt="" coords="537,273,545,281">
<area shape="rect" title="screen" alt="" coords="421,341,429,349">
<area shape="rect" href="$classt__brush.html" title="t_brush" alt="" coords="36,137,105,164">
<area shape="rect" title="curbrush" alt="" coords="59,161,67,169">
<area shape="rect" title="curbrush" alt="" coords="77,245,85,253">
