<area shape="rect" href="$classt__tool__addparticles.html#6a7725110d731f447af230dbc8a65272" title="t_tool_addparticles::erase" alt="" coords="263,183,447,209">
<area shape="rect" href="$classt__tool__addparticles.html#1b87efc7d85d7a9b74fd9ec32c7a3c43" title="t_tool_addparticles::paint" alt="" coords="264,284,445,311">
<area shape="rect" href="$classt__editortool.html#10361197d8e6af8e25ef41e814b16159" title="t_editortool::phys_tick" alt="" coords="275,537,435,564">
<area shape="rect" href="$classt__image.html#d293d1d6a9b74ba32ea619d86afe42d1" title="t_image::current_layer" alt="" coords="511,107,676,133">
<area shape="rect" href="$classt__pgrid.html#e420a8db0b7e3cd31575bd502cab87b0" title="t_pgrid::current_workspace" alt="" coords="496,360,691,387">
<area shape="rect" href="$classt__editor.html#cc0f96961cd90cea40ccac6b5140e6fa" title="t_editor::getbrush" alt="" coords="525,157,661,184">
<area shape="rect" href="$classt__pgrid.html#75de7e15f1b14c8b15ce887f8550f7f3" title="t_pgrid::getinstance" alt="" coords="520,259,667,285">
<area shape="rect" href="$classt__brush.html#4f92afe5b1636ce1756246f927d79ca8" title="t_brush::getwidth" alt="" coords="527,208,660,235">
<area shape="rect" href="$structvec.html#91e4342810f7c48a073fdfcf7f21665a" title="vec::squaredlen" alt="" coords="532,5,655,32">
<area shape="rect" href="$structvec.html#719ee794f1c4ff8afd464e76651c650f" title="vec::sub" alt="" coords="556,56,631,83">
<area shape="rect" href="$classt__pgrid.html#995642858ac0bdaedf046fb8c15404d1" title="t_pgrid::t_pgrid" alt="" coords="744,259,861,285">
<area shape="rect" href="$structt__screen.html#2cb23e85d32c2e5aa53238846badf08f" title="t_screen::init" alt="" coords="916,259,1017,285">
<area shape="rect" href="$main_8h.html#915f6be42635bd8c8ff1980c11b18d1d" title="fatal" alt="" coords="1101,233,1152,260">
<area shape="rect" href="$structt__screen.html#f7f0587af7cbaff8fa4ebbd8224c0baa" title="t_screen::gl_init" alt="" coords="1067,284,1187,311">
<area shape="rect" href="$structt__screen.html#cdf9876f0231b18aac0e14beb67ac375" title="t_screen::rebuildtextures" alt="" coords="1235,233,1416,260">
<area shape="rect" href="$structt__screen.html#bdf0dfd749ffecb5cc5c7e3c7f781d9b" title="t_screen::setortho" alt="" coords="1256,284,1395,311">
<area shape="rect" href="$structt__screen.html#19830cb03fa8b7ac94a8eef0f713455f" title="t_screen::setperspective" alt="" coords="1236,335,1415,361">
<area shape="rect" href="$structt__screen.html#c502b8d99d6c63867cdfe08a0f9ab2ed" title="t_screen::calcplanedist" alt="" coords="1464,284,1629,311">
<area shape="rect" href="$structt__screen.html#741e28d23b45b2755009a1fd8710371d" title="t_screen::getaspect" alt="" coords="1473,335,1620,361">
<area shape="rect" href="$structt__screen.html#4db334f3239146b0d1634780833c3927" title="t_screen::getyfov" alt="" coords="1480,385,1613,412">
<area shape="rect" href="$classt__particles.html#e241752694dc039fcdb4a0086e7581ac" title="t_particles::add" alt="" coords="535,309,652,336">
<area shape="rect" href="$structvec.html#f7792320a1e70efcf9a393b818279746" title="vec::mul" alt="" coords="556,461,631,488">
<area shape="rect" href="$structvec.html#4056da5381a8baf4edc0d84d3bbbd4f3" title="vec::random_deviation" alt="" coords="509,411,677,437">
<area shape="rect" href="$structvector.html#6b49c3419e911a3696ac7accd93797e0" title="vector::add" alt="" coords="756,309,849,336">
<area shape="rect" href="$classt__editor.html#311d337b45d625c14febb2719fc6d951" title="t_editor::dowrap" alt="" coords="740,360,865,387">
<area shape="rect" href="$structvec.html#c6dcb6284ea28bf4b110613887f763cf" title="vec::vec" alt="" coords="765,411,840,437">
<area shape="rect" href="$structvec.html#9f102a2f7b4a09043c6aec0ee549a5cf" title="vec::add" alt="" coords="556,512,631,539">
<area shape="rect" href="$classt__pgrid.html#61b4c5ba0f4ac7c90a4590e83ae677b7" title="t_pgrid::framephystime" alt="" coords="507,563,680,589">
<area shape="rect" href="$classt__pgrid.html#d14f37168a825671ed5196f306281b8f" title="t_pgrid::getmousevel" alt="" coords="515,613,672,640">
<area shape="rect" href="$classt__workspace.html#9cb33bc1281f4621188feccab1b7154f" title="t_workspace::getzoom" alt="" coords="511,664,676,691">
<area shape="rect" href="$classt__pgrid.html#9aa45a0cd6e790e396a74fa4a7d0b330" title="t_pgrid::phystime" alt="" coords="527,715,660,741">
<area shape="rect" href="$classt__workspace.html#63e6e2a03d0b6d44548fbc8900b0844d" title="t_workspace::screen2img" alt="" coords="501,765,685,792">
