<area shape="rect" href="$classt__editortool.html#062fcf6676a28763e9ee22eb5f5eec07" title="t_editortool::mouse_button_event" alt="" coords="293,81,533,108">
<area shape="rect" href="$classt__tool__push.html#a8ffae81354a3c67359cf61ff2310f06" title="t_tool_push::mousepaint" alt="" coords="324,233,503,260">
<area shape="rect" href="$classt__pgrid.html#e420a8db0b7e3cd31575bd502cab87b0" title="t_pgrid::current_workspace" alt="" coords="583,56,777,83">
<area shape="rect" href="$classt__pgrid.html#75de7e15f1b14c8b15ce887f8550f7f3" title="t_pgrid::getinstance" alt="" coords="607,107,753,133">
<area shape="rect" href="$classt__workspace.html#63e6e2a03d0b6d44548fbc8900b0844d" title="t_workspace::screen2img" alt="" coords="588,5,772,32">
<area shape="rect" href="$classt__pgrid.html#995642858ac0bdaedf046fb8c15404d1" title="t_pgrid::t_pgrid" alt="" coords="852,107,969,133">
<area shape="rect" href="$structt__screen.html#2cb23e85d32c2e5aa53238846badf08f" title="t_screen::init" alt="" coords="1056,107,1157,133">
<area shape="rect" href="$main_8h.html#915f6be42635bd8c8ff1980c11b18d1d" title="fatal" alt="" coords="1253,81,1304,108">
<area shape="rect" href="$structt__screen.html#f7f0587af7cbaff8fa4ebbd8224c0baa" title="t_screen::gl_init" alt="" coords="1219,132,1339,159">
<area shape="rect" href="$structt__screen.html#cdf9876f0231b18aac0e14beb67ac375" title="t_screen::rebuildtextures" alt="" coords="1387,81,1568,108">
<area shape="rect" href="$structt__screen.html#bdf0dfd749ffecb5cc5c7e3c7f781d9b" title="t_screen::setortho" alt="" coords="1408,132,1547,159">
<area shape="rect" href="$structt__screen.html#19830cb03fa8b7ac94a8eef0f713455f" title="t_screen::setperspective" alt="" coords="1388,183,1567,209">
<area shape="rect" href="$structt__screen.html#c502b8d99d6c63867cdfe08a0f9ab2ed" title="t_screen::calcplanedist" alt="" coords="1616,132,1781,159">
<area shape="rect" href="$structt__screen.html#741e28d23b45b2755009a1fd8710371d" title="t_screen::getaspect" alt="" coords="1625,183,1772,209">
<area shape="rect" href="$structt__screen.html#4db334f3239146b0d1634780833c3927" title="t_screen::getyfov" alt="" coords="1632,233,1765,260">
<area shape="rect" href="$classt__image.html#d293d1d6a9b74ba32ea619d86afe42d1" title="t_image::current_layer" alt="" coords="597,259,763,285">
<area shape="rect" href="$classt__editor.html#cc0f96961cd90cea40ccac6b5140e6fa" title="t_editor::getbrush" alt="" coords="612,309,748,336">
<area shape="rect" href="$classt__brush.html#9f91ac424987b7e51466be8d92515974" title="t_brush::getheight" alt="" coords="611,360,749,387">
<area shape="rect" href="$classt__brush.html#056b25b5d45c5cf304dba4c7723a3095" title="t_brush::getpixels" alt="" coords="613,411,747,437">
<area shape="rect" href="$classt__brush.html#4f92afe5b1636ce1756246f927d79ca8" title="t_brush::getwidth" alt="" coords="613,461,747,488">
<area shape="rect" href="$structvec.html#f7792320a1e70efcf9a393b818279746" title="vec::mul" alt="" coords="643,157,717,184">
<area shape="rect" href="$classt__grid.html#3e3ae7f8cc3984c4830eb7f3b41ddf6b" title="t_grid::paint_pixels_additive" alt="" coords="581,208,779,235">
<area shape="rect" href="$classt__grid.html#de5a27e7fe3d6017fa25d86c6481015a" title="t_grid::getpoint_editing" alt="" coords="827,208,995,235">
<area shape="rect" href="$classt__editor.html#311d337b45d625c14febb2719fc6d951" title="t_editor::dowrap" alt="" coords="1044,233,1169,260">
<area shape="rect" href="$classt__grid.html#e95d085a285e7feed6831253c11bf9f0" title="t_grid::wrap" alt="" coords="1059,183,1155,209">
