<area shape="rect" href="$classt__pgrid.html#e420a8db0b7e3cd31575bd502cab87b0" title="t_pgrid::current_workspace" alt="" coords="595,5,789,32">
<area shape="rect" href="$classt__image.html#7826de417956010316033ae12b007624" title="t_image::phys_tick" alt="" coords="196,95,335,121">
<area shape="rect" href="$classt__editor.html#64b0627a2ec90407d348631e60e88f44" title="t_editor::phys_tick" alt="" coords="197,145,333,172">
<area shape="rect" href="$classt__pgrid.html#4215a489c4c1fdd4dd6b50ec86873d51" title="t_pgrid::time" alt="" coords="215,196,316,223">
<area shape="rect" href="$classt__editortool.html#10361197d8e6af8e25ef41e814b16159" title="t_editortool::phys_tick" alt="" coords="385,196,545,223">
<area shape="rect" href="$structvec.html#9f102a2f7b4a09043c6aec0ee549a5cf" title="vec::add" alt="" coords="655,56,729,83">
<area shape="rect" href="$classt__pgrid.html#61b4c5ba0f4ac7c90a4590e83ae677b7" title="t_pgrid::framephystime" alt="" coords="605,107,779,133">
<area shape="rect" href="$classt__pgrid.html#75de7e15f1b14c8b15ce887f8550f7f3" title="t_pgrid::getinstance" alt="" coords="619,157,765,184">
<area shape="rect" href="$classt__pgrid.html#d14f37168a825671ed5196f306281b8f" title="t_pgrid::getmousevel" alt="" coords="613,208,771,235">
<area shape="rect" href="$classt__workspace.html#9cb33bc1281f4621188feccab1b7154f" title="t_workspace::getzoom" alt="" coords="609,259,775,285">
<area shape="rect" href="$structvec.html#f7792320a1e70efcf9a393b818279746" title="vec::mul" alt="" coords="655,309,729,336">
<area shape="rect" href="$classt__pgrid.html#9aa45a0cd6e790e396a74fa4a7d0b330" title="t_pgrid::phystime" alt="" coords="625,360,759,387">
<area shape="rect" href="$classt__workspace.html#63e6e2a03d0b6d44548fbc8900b0844d" title="t_workspace::screen2img" alt="" coords="600,411,784,437">
<area shape="rect" href="$classt__pgrid.html#995642858ac0bdaedf046fb8c15404d1" title="t_pgrid::t_pgrid" alt="" coords="837,157,955,184">
<area shape="rect" href="$structt__screen.html#2cb23e85d32c2e5aa53238846badf08f" title="t_screen::init" alt="" coords="1004,157,1105,184">
<area shape="rect" href="$main_8h.html#915f6be42635bd8c8ff1980c11b18d1d" title="fatal" alt="" coords="1189,132,1240,159">
<area shape="rect" href="$structt__screen.html#f7f0587af7cbaff8fa4ebbd8224c0baa" title="t_screen::gl_init" alt="" coords="1155,183,1275,209">
<area shape="rect" href="$structt__screen.html#cdf9876f0231b18aac0e14beb67ac375" title="t_screen::rebuildtextures" alt="" coords="1323,132,1504,159">
<area shape="rect" href="$structt__screen.html#bdf0dfd749ffecb5cc5c7e3c7f781d9b" title="t_screen::setortho" alt="" coords="1344,183,1483,209">
<area shape="rect" href="$structt__screen.html#19830cb03fa8b7ac94a8eef0f713455f" title="t_screen::setperspective" alt="" coords="1324,233,1503,260">
<area shape="rect" href="$structt__screen.html#c502b8d99d6c63867cdfe08a0f9ab2ed" title="t_screen::calcplanedist" alt="" coords="1552,183,1717,209">
<area shape="rect" href="$structt__screen.html#741e28d23b45b2755009a1fd8710371d" title="t_screen::getaspect" alt="" coords="1561,233,1708,260">
<area shape="rect" href="$structt__screen.html#4db334f3239146b0d1634780833c3927" title="t_screen::getyfov" alt="" coords="1568,284,1701,311">
