<area shape="rect" href="$classdyninputhandler.html" title="dyninputhandler" alt="" coords="163,19,288,45">
<area shape="rect" href="$classt__editor.html" title="t_editor" alt="" coords="191,95,260,121">
<area shape="rect" href="$classt__editortool.html" title="t_editortool" alt="" coords="179,145,272,172">
<area shape="rect" href="$classt__workspace.html" title="t_workspace" alt="" coords="175,196,276,223">
<area shape="rect" href="$classt__particles.html" title="t_particles" alt="" coords="389,5,475,32">
<area shape="rect" href="$classt__tool__addparticles.html" title="t_tool_addparticles" alt="" coords="361,56,503,83">
<area shape="rect" href="$classt__tool__paintgrid__brush.html" title="t_tool_paintgrid_brush" alt="" coords="351,107,513,133">
<area shape="rect" href="$classt__tool__paintgrid__singlepixel.html" title="t_tool_paintgrid_singlepixel" alt="" coords="336,157,528,184">
<area shape="rect" href="$classt__tool__paintgrid__spraycan.html" title="t_tool_paintgrid_spraycan" alt="" coords="340,208,524,235">
<area shape="rect" href="$classt__tool__push.html" title="t_tool_push" alt="" coords="385,259,479,285">
