<area shape="rect" href="$classt__workspace.html#89a8dac3ce7852d7dea74ce4dbe286bf" title="t_workspace::centerimage" alt="" coords="771,189,960,216">
<area shape="rect" href="$main_8h.html#bf241b13cc14248bb81d6aca287f4cfc" title="checkglerror" alt="" coords="1321,88,1420,115">
<area shape="rect" href="$classt__pgrid.html#e420a8db0b7e3cd31575bd502cab87b0" title="t_pgrid::current_workspace" alt="" coords="1035,899,1229,925">
<area shape="rect" href="$structt__screen.html#f7f0587af7cbaff8fa4ebbd8224c0baa" title="t_screen::gl_init" alt="" coords="1664,272,1784,299">
<area shape="rect" href="$classt__editor.html#d5daec5b0ed02cfb8a2e214c8b312ed4" title="t_editor::keyboard_event" alt="" coords="184,544,365,571">
<area shape="rect" href="$classt__workspace.html#0ccc705932e639895da1ef6de2c9f34a" title="t_workspace::keyboard_event" alt="" coords="465,367,679,393">
<area shape="rect" href="$classt__editor.html#541eee4e4e614fdfc7df350872bbc694" title="t_editor::mouse_button_event" alt="" coords="167,797,383,824">
<area shape="rect" href="$classt__workspace.html#95a21a4473dafd0d7c8e667091ec86d0" title="t_workspace::mouse_button_event" alt="" coords="449,645,695,672">
<area shape="rect" href="$classt__editor.html#8ec38016754182e1fd6351f1231e4dd4" title="t_editor::mouse_motion_event" alt="" coords="165,747,384,773">
<area shape="rect" href="$classt__workspace.html#a500220074d95c9495ede68fdfaa634d" title="t_workspace::mouse_motion_event" alt="" coords="151,1177,399,1204">
<area shape="rect" href="$structvec.html#f7792320a1e70efcf9a393b818279746" title="vec::mul" alt="" coords="1095,1191,1169,1217">
<area shape="rect" href="$classt__workspace.html#7283688dc6df30a9bc17049407e90866" title="t_workspace::render" alt="" coords="199,1101,351,1128">
<area shape="rect" href="$classt__pgrid.html#6540097d7e93dace162e1b9d05603870" title="t_pgrid::runphysics" alt="" coords="204,949,345,976">
<area shape="rect" href="$main_8h.html#915f6be42635bd8c8ff1980c11b18d1d" title="fatal" alt="" coords="1699,145,1749,172">
<area shape="rect" href="$structt__screen.html#cdf9876f0231b18aac0e14beb67ac375" title="t_screen::rebuildtextures" alt="" coords="1832,272,2013,299">
<area shape="rect" href="$structt__screen.html#bdf0dfd749ffecb5cc5c7e3c7f781d9b" title="t_screen::setortho" alt="" coords="1853,335,1992,361">
<area shape="rect" href="$structt__screen.html#19830cb03fa8b7ac94a8eef0f713455f" title="t_screen::setperspective" alt="" coords="1833,385,2012,412">
<area shape="rect" href="$structt__screen.html#c502b8d99d6c63867cdfe08a0f9ab2ed" title="t_screen::calcplanedist" alt="" coords="2061,335,2227,361">
<area shape="rect" href="$structt__screen.html#741e28d23b45b2755009a1fd8710371d" title="t_screen::getaspect" alt="" coords="2071,385,2217,412">
<area shape="rect" href="$structt__screen.html#4db334f3239146b0d1634780833c3927" title="t_screen::getyfov" alt="" coords="2077,436,2211,463">
<area shape="rect" href="$classt__editor.html#cc0f96961cd90cea40ccac6b5140e6fa" title="t_editor::getbrush" alt="" coords="504,443,640,469">
<area shape="rect" href="$classt__brush.html#9f91ac424987b7e51466be8d92515974" title="t_brush::getheight" alt="" coords="503,493,641,520">
<area shape="rect" href="$classt__brush.html#4f92afe5b1636ce1756246f927d79ca8" title="t_brush::getwidth" alt="" coords="505,544,639,571">
<area shape="rect" href="$classt__brush.html#795917255a970b77c4036056d790bf05" title="t_brush::resize" alt="" coords="515,595,629,621">
<area shape="rect" href="$classt__workspace.html#59d42b7b5a7d93afb348ce3eaad0d3ca" title="t_workspace::dozoom" alt="" coords="785,443,945,469">
<area shape="rect" href="$classt__pgrid.html#9ebe32ea75a8f47f40622f767998317d" title="t_pgrid::getkeystate" alt="" coords="791,493,940,520">
<area shape="rect" href="$classt__workspace.html#33cbb54f4bab82931e7ac4b91e6a94c0" title="t_workspace::printstatus" alt="" coords="776,291,955,317">
<area shape="rect" href="$structt__screen.html#11b92fb0dc7261aada25442461e05ee7" title="t_screen::togglefullscreen" alt="" coords="1279,240,1463,267">
<area shape="rect" href="$classt__workspace.html#63e6e2a03d0b6d44548fbc8900b0844d" title="t_workspace::screen2img" alt="" coords="1040,747,1224,773">
<area shape="rect" href="$classt__workspace.html#02a09f6b9b745d53177cfff1f4ab9bcc" title="t_workspace::setcenter" alt="" coords="1047,493,1217,520">
<area shape="rect" href="$classt__image.html#d293d1d6a9b74ba32ea619d86afe42d1" title="t_image::current_layer" alt="" coords="1049,291,1215,317">
<area shape="rect" href="$structt__screen.html#2cb23e85d32c2e5aa53238846badf08f" title="t_screen::init" alt="" coords="1513,265,1615,292">
<area shape="rect" href="$classt__editortool.html#062fcf6676a28763e9ee22eb5f5eec07" title="t_editortool::mouse_button_event" alt="" coords="745,797,985,824">
<area shape="rect" href="$classt__pgrid.html#75de7e15f1b14c8b15ce887f8550f7f3" title="t_pgrid::getinstance" alt="" coords="1059,797,1205,824">
<area shape="rect" href="$classt__pgrid.html#995642858ac0bdaedf046fb8c15404d1" title="t_pgrid::t_pgrid" alt="" coords="1312,291,1429,317">
<area shape="rect" href="$structvec.html#91e9b6ae84d2aec1e846966040071e62" title="vec::len" alt="" coords="831,595,900,621">
<area shape="rect" href="$structvec.html#719ee794f1c4ff8afd464e76651c650f" title="vec::sub" alt="" coords="828,696,903,723">
<area shape="rect" href="$classt__pgrid.html#4215a489c4c1fdd4dd6b50ec86873d51" title="t_pgrid::time" alt="" coords="815,848,916,875">
<area shape="rect" href="$structvec.html#91e4342810f7c48a073fdfcf7f21665a" title="vec::squaredlen" alt="" coords="1071,595,1193,621">
<area shape="rect" href="$classt__editortool.html#809d706346d2b84129aa958ef81d550b" title="t_editortool::mouse_motion_event" alt="" coords="744,747,987,773">
<area shape="rect" href="$structvec.html#9f102a2f7b4a09043c6aec0ee549a5cf" title="vec::add" alt="" coords="1095,1140,1169,1167">
<area shape="rect" href="$classt__image.html#ac28a9a37829e458679eec3e009a2bda" title="t_image::render" alt="" coords="511,1101,633,1128">
<area shape="rect" href="$classt__workspace.html#e5f72befbba89f9e425ef191958ce838" title="t_workspace::renderbg" alt="" coords="488,1152,656,1179">
<area shape="rect" href="$structt__texture.html#de37e333ac34af11d99bf4c7ed33254c" title="t_texture::bind" alt="" coords="808,1152,923,1179">
<area shape="rect" href="$classt__image.html#7826de417956010316033ae12b007624" title="t_image::phys_tick" alt="" coords="503,1051,641,1077">
<area shape="rect" href="$classt__editor.html#64b0627a2ec90407d348631e60e88f44" title="t_editor::phys_tick" alt="" coords="504,1000,640,1027">
<area shape="rect" href="$classt__editortool.html#10361197d8e6af8e25ef41e814b16159" title="t_editortool::phys_tick" alt="" coords="785,1000,945,1027">
<area shape="rect" href="$classt__pgrid.html#61b4c5ba0f4ac7c90a4590e83ae677b7" title="t_pgrid::framephystime" alt="" coords="1045,1025,1219,1052">
<area shape="rect" href="$classt__pgrid.html#d14f37168a825671ed5196f306281b8f" title="t_pgrid::getmousevel" alt="" coords="1053,975,1211,1001">
