<area shape="rect" href="$editor_8h.html" title="code/pgrid/src/editor.h" alt="" coords="1168,84,1331,111">
<area shape="rect" href="$grid_8h.html" title="code/pgrid/src/grid.h" alt="" coords="1403,161,1552,188">
<area shape="rect" href="$editor_8cpp.html" title="code/pgrid/src/editor.cpp" alt="" coords="5,548,181,575">
<area shape="rect" href="$workspace_8h.html" title="code/pgrid/src/workspace.h" alt="" coords="213,471,408,497">
<area shape="rect" href="$editortools_8cpp.html" title="code/pgrid/src/editortools.cpp" alt="" coords="1441,548,1649,575">
<area shape="rect" href="$particles_8cpp.html" title="code/pgrid/src/particles.cpp" alt="" coords="1223,548,1417,575">
<area shape="rect" href="$texture_8cpp.html" title="code/pgrid/src/texture.cpp" alt="" coords="807,548,996,575">
<area shape="rect" href="$grid_8cpp.html" title="code/pgrid/src/grid.cpp" alt="" coords="1589,393,1755,420">
<area shape="rect" href="$editortools_8h.html" title="code/pgrid/src/editortools.h" alt="" coords="1243,471,1437,497">
<area shape="rect" href="$layer_8h.html" title="code/pgrid/src/layer.h" alt="" coords="1171,239,1328,265">
<area shape="rect" href="$layer_8cpp.html" title="code/pgrid/src/layer.cpp" alt="" coords="1344,393,1515,420">
<area shape="rect" href="$image_8h.html" title="code/pgrid/src/image.h" alt="" coords="1172,316,1337,343">
<area shape="rect" href="$pgrid_8h.html" title="code/pgrid/src/pgrid.h" alt="" coords="848,393,1005,420">
<area shape="rect" href="$particles_8h.html" title="code/pgrid/src/particles.h" alt="" coords="989,471,1168,497">
<area shape="rect" href="$pgrid_8cpp.html" title="code/pgrid/src/pgrid.cpp" alt="" coords="205,548,379,575">
<area shape="rect" href="$main_8cpp.html" title="code/pgrid/src/main.cpp" alt="" coords="483,471,656,497">
<area shape="rect" href="$screen_8cpp.html" title="code/pgrid/src/screen.cpp" alt="" coords="680,471,864,497">
<area shape="rect" href="$workspace_8cpp.html" title="code/pgrid/src/workspace.cpp" alt="" coords="403,548,611,575">
