<area shape="rect" href="$main_8h.html" title="main.h" alt="" coords="108,471,172,497">
<area shape="rect" href="$editor_8h.html" title="editor.h" alt="" coords="240,84,309,111">
<area shape="rect" href="$grid_8h.html" title="grid.h" alt="" coords="212,393,268,420">
<area shape="rect" href="$pgrid_8h.html" title="pgrid.h" alt="" coords="381,161,445,188">
<area shape="rect" href="$image_8h.html" title="image.h" alt="" coords="312,239,384,265">
<area shape="rect" href="$editortool_8h.html" title="editortool.h" alt="" coords="144,239,237,265">
<area shape="rect" href="$brush_8h.html" title="brush.h" alt="" coords="469,161,539,188">
<area shape="rect" href="$screen_8h.html" title="screen.h" alt="" coords="461,316,536,343">
<area shape="rect" href="$layer_8h.html" title="layer.h" alt="" coords="315,316,379,343">
<area shape="rect" href="$particles_8h.html" title="particles.h" alt="" coords="375,393,460,420">
<area shape="rect" href="$x86_8h.html" title="x86.h" alt="" coords="212,471,268,497">
<area shape="rect" href="$texture_8h.html" title="texture.h" alt="" coords="373,471,453,497">
