<area shape="rect" href="$grid_8h.html" title="code/pgrid/src/grid.h" alt="" coords="1403,84,1552,111">
<area shape="rect" href="$editor_8cpp.html" title="code/pgrid/src/editor.cpp" alt="" coords="5,471,181,497">
<area shape="rect" href="$workspace_8h.html" title="code/pgrid/src/workspace.h" alt="" coords="213,393,408,420">
<area shape="rect" href="$editortools_8cpp.html" title="code/pgrid/src/editortools.cpp" alt="" coords="1441,471,1649,497">
<area shape="rect" href="$particles_8cpp.html" title="code/pgrid/src/particles.cpp" alt="" coords="1223,471,1417,497">
<area shape="rect" href="$texture_8cpp.html" title="code/pgrid/src/texture.cpp" alt="" coords="807,471,996,497">
<area shape="rect" href="$grid_8cpp.html" title="code/pgrid/src/grid.cpp" alt="" coords="1589,316,1755,343">
<area shape="rect" href="$editortools_8h.html" title="code/pgrid/src/editortools.h" alt="" coords="1243,393,1437,420">
<area shape="rect" href="$layer_8h.html" title="code/pgrid/src/layer.h" alt="" coords="1171,161,1328,188">
<area shape="rect" href="$layer_8cpp.html" title="code/pgrid/src/layer.cpp" alt="" coords="1344,316,1515,343">
<area shape="rect" href="$image_8h.html" title="code/pgrid/src/image.h" alt="" coords="1172,239,1337,265">
<area shape="rect" href="$pgrid_8h.html" title="code/pgrid/src/pgrid.h" alt="" coords="848,316,1005,343">
<area shape="rect" href="$particles_8h.html" title="code/pgrid/src/particles.h" alt="" coords="989,393,1168,420">
<area shape="rect" href="$pgrid_8cpp.html" title="code/pgrid/src/pgrid.cpp" alt="" coords="205,471,379,497">
<area shape="rect" href="$main_8cpp.html" title="code/pgrid/src/main.cpp" alt="" coords="483,393,656,420">
<area shape="rect" href="$screen_8cpp.html" title="code/pgrid/src/screen.cpp" alt="" coords="680,393,864,420">
<area shape="rect" href="$workspace_8cpp.html" title="code/pgrid/src/workspace.cpp" alt="" coords="403,471,611,497">
