<area shape="rect" href="$main_8h.html" title="main.h" alt="" coords="1344,625,1408,652">
<area shape="rect" href="$pgrid_8h.html" title="pgrid.h" alt="" coords="1541,161,1605,188">
<area shape="rect" href="$image_8h.html" title="image.h" alt="" coords="1537,239,1609,265">
<area shape="rect" href="$editor_8h.html" title="editor.h" alt="" coords="1243,471,1312,497">
<area shape="rect" href="$brush_8h.html" title="brush.h" alt="" coords="1093,548,1163,575">
<area shape="rect" href="$workspace_8h.html" title="workspace.h" alt="" coords="1263,84,1364,111">
<area shape="rect" href="$editortools_8h.html" title="editortools.h" alt="" coords="1175,316,1276,343">
<area shape="rect" href="$screen_8h.html" title="screen.h" alt="" coords="1812,316,1887,343">
<area shape="rect" href="$layer_8h.html" title="layer.h" alt="" coords="1611,316,1675,343">
<area shape="rect" href="$grid_8h.html" title="grid.h" alt="" coords="1440,393,1496,420">
<area shape="rect" href="$particles_8h.html" title="particles.h" alt="" coords="1672,393,1757,420">
<area shape="rect" href="$x86_8h.html" title="x86.h" alt="" coords="1387,471,1443,497">
<area shape="rect" href="$editortool_8h.html" title="editortool.h" alt="" coords="1288,548,1381,575">
<area shape="rect" href="$texture_8h.html" title="texture.h" alt="" coords="1467,471,1547,497">
