<area shape="rect" href="$image_8h.html" title="image.h" alt="" coords="1327,84,1399,111">
<area shape="rect" href="$grid_8h.html" title="grid.h" alt="" coords="1133,239,1189,265">
<area shape="rect" href="$editor_8h.html" title="editor.h" alt="" coords="1192,316,1261,343">
<area shape="rect" href="$main_8h.html" title="main.h" alt="" coords="1212,471,1276,497">
<area shape="rect" href="$pgrid_8h.html" title="pgrid.h" alt="" coords="1571,393,1635,420">
<area shape="rect" href="$layer_8h.html" title="layer.h" alt="" coords="1365,161,1429,188">
<area shape="rect" href="$screen_8h.html" title="screen.h" alt="" coords="1685,471,1760,497">
<area shape="rect" href="$particles_8h.html" title="particles.h" alt="" coords="1441,316,1527,343">
<area shape="rect" href="$x86_8h.html" title="x86.h" alt="" coords="923,316,979,343">
<area shape="rect" href="$editortool_8h.html" title="editortool.h" alt="" coords="1197,393,1291,420">
<area shape="rect" href="$brush_8h.html" title="brush.h" alt="" coords="1104,393,1173,420">
<area shape="rect" href="$texture_8h.html" title="texture.h" alt="" coords="1416,393,1496,420">
