<area shape="rect" href="$layer_8h.html" title="code/pgrid/src/layer.h" alt="" coords="732,84,889,111">
<area shape="rect" href="$editortools_8h.html" title="code/pgrid/src/editortools.h" alt="" coords="453,393,648,420">
<area shape="rect" href="$grid_8cpp.html" title="code/pgrid/src/grid.cpp" alt="" coords="48,393,213,420">
<area shape="rect" href="$layer_8cpp.html" title="code/pgrid/src/layer.cpp" alt="" coords="1248,239,1419,265">
<area shape="rect" href="$image_8h.html" title="code/pgrid/src/image.h" alt="" coords="728,161,893,188">
<area shape="rect" href="$pgrid_8h.html" title="code/pgrid/src/pgrid.h" alt="" coords="732,239,889,265">
<area shape="rect" href="$editor_8cpp.html" title="code/pgrid/src/editor.cpp" alt="" coords="163,471,339,497">
<area shape="rect" href="$editor_8h.html" title="code/pgrid/src/editor.h" alt="" coords="352,316,515,343">
<area shape="rect" href="$editortools_8cpp.html" title="code/pgrid/src/editortools.cpp" alt="" coords="1005,471,1213,497">
<area shape="rect" href="$particles_8cpp.html" title="code/pgrid/src/particles.cpp" alt="" coords="1237,471,1432,497">
<area shape="rect" href="$texture_8cpp.html" title="code/pgrid/src/texture.cpp" alt="" coords="363,471,552,497">
<area shape="rect" href="$workspace_8h.html" title="code/pgrid/src/workspace.h" alt="" coords="723,393,917,420">
<area shape="rect" href="$pgrid_8cpp.html" title="code/pgrid/src/pgrid.cpp" alt="" coords="808,471,981,497">
<area shape="rect" href="$particles_8h.html" title="code/pgrid/src/particles.h" alt="" coords="1248,316,1427,343">
<area shape="rect" href="$main_8cpp.html" title="code/pgrid/src/main.cpp" alt="" coords="899,316,1072,343">
<area shape="rect" href="$screen_8cpp.html" title="code/pgrid/src/screen.cpp" alt="" coords="539,316,723,343">
<area shape="rect" href="$workspace_8cpp.html" title="code/pgrid/src/workspace.cpp" alt="" coords="576,471,784,497">
