<area shape="rect" href="$main_8h.html" title="main.h" alt="" coords="141,393,205,420">
<area shape="rect" href="$editor_8h.html" title="editor.h" alt="" coords="209,84,279,111">
<area shape="rect" href="$x86_8h.html" title="x86.h" alt="" coords="303,84,359,111">
<area shape="rect" href="$pgrid_8h.html" title="pgrid.h" alt="" coords="353,161,417,188">
<area shape="rect" href="$image_8h.html" title="image.h" alt="" coords="212,239,284,265">
<area shape="rect" href="$editortool_8h.html" title="editortool.h" alt="" coords="43,239,136,265">
<area shape="rect" href="$brush_8h.html" title="brush.h" alt="" coords="209,161,279,188">
<area shape="rect" href="$screen_8h.html" title="screen.h" alt="" coords="424,316,499,343">
<area shape="rect" href="$layer_8h.html" title="layer.h" alt="" coords="279,316,343,343">
<area shape="rect" href="$particles_8h.html" title="particles.h" alt="" coords="336,393,421,420">
<area shape="rect" href="$texture_8h.html" title="texture.h" alt="" coords="335,471,415,497">
