<area shape="rect" href="$main_8h.html" title="main.h" alt="" coords="75,393,139,420">
<area shape="rect" href="$pgrid_8h.html" title="pgrid.h" alt="" coords="560,316,624,343">
<area shape="rect" href="$layer_8h.html" title="layer.h" alt="" coords="216,84,280,111">
<area shape="rect" href="$screen_8h.html" title="screen.h" alt="" coords="560,393,635,420">
<area shape="rect" href="$grid_8h.html" title="grid.h" alt="" coords="197,161,253,188">
<area shape="rect" href="$particles_8h.html" title="particles.h" alt="" coords="416,239,501,265">
<area shape="rect" href="$editor_8h.html" title="editor.h" alt="" coords="292,239,361,265">
<area shape="rect" href="$x86_8h.html" title="x86.h" alt="" coords="197,239,253,265">
<area shape="rect" href="$editortool_8h.html" title="editortool.h" alt="" coords="144,316,237,343">
<area shape="rect" href="$brush_8h.html" title="brush.h" alt="" coords="261,316,331,343">
<area shape="rect" href="$texture_8h.html" title="texture.h" alt="" coords="405,316,485,343">
