<area shape="rect" href="$pgrid_8h.html" title="code/pgrid/src/pgrid.h" alt="" coords="761,84,919,111">
<area shape="rect" href="$editor_8cpp.html" title="code/pgrid/src/editor.cpp" alt="" coords="1272,393,1448,420">
<area shape="rect" href="$editor_8h.html" title="code/pgrid/src/editor.h" alt="" coords="409,161,572,188">
<area shape="rect" href="$editortools_8cpp.html" title="code/pgrid/src/editortools.cpp" alt="" coords="808,393,1016,420">
<area shape="rect" href="$particles_8cpp.html" title="code/pgrid/src/particles.cpp" alt="" coords="9,393,204,420">
<area shape="rect" href="$texture_8cpp.html" title="code/pgrid/src/texture.cpp" alt="" coords="353,393,543,420">
<area shape="rect" href="$grid_8cpp.html" title="code/pgrid/src/grid.cpp" alt="" coords="245,316,411,343">
<area shape="rect" href="$layer_8cpp.html" title="code/pgrid/src/layer.cpp" alt="" coords="704,316,875,343">
<area shape="rect" href="$workspace_8h.html" title="code/pgrid/src/workspace.h" alt="" coords="1000,316,1195,343">
<area shape="rect" href="$pgrid_8cpp.html" title="code/pgrid/src/pgrid.cpp" alt="" coords="1504,393,1677,420">
<area shape="rect" href="$particles_8h.html" title="code/pgrid/src/particles.h" alt="" coords="1204,239,1383,265">
<area shape="rect" href="$main_8cpp.html" title="code/pgrid/src/main.cpp" alt="" coords="855,161,1028,188">
<area shape="rect" href="$screen_8cpp.html" title="code/pgrid/src/screen.cpp" alt="" coords="647,161,831,188">
<area shape="rect" href="$grid_8h.html" title="code/pgrid/src/grid.h" alt="" coords="536,239,685,265">
<area shape="rect" href="$editortools_8h.html" title="code/pgrid/src/editortools.h" alt="" coords="485,316,680,343">
<area shape="rect" href="$layer_8h.html" title="code/pgrid/src/layer.h" alt="" coords="1269,316,1427,343">
<area shape="rect" href="$workspace_8cpp.html" title="code/pgrid/src/workspace.cpp" alt="" coords="1040,393,1248,420">
