<area shape="rect" href="$image_8h.html" title="code/pgrid/src/image.h" alt="" coords="615,84,780,111">
<area shape="rect" href="$pgrid_8h.html" title="code/pgrid/src/pgrid.h" alt="" coords="912,161,1069,188">
<area shape="rect" href="$editor_8cpp.html" title="code/pgrid/src/editor.cpp" alt="" coords="841,471,1017,497">
<area shape="rect" href="$editor_8h.html" title="code/pgrid/src/editor.h" alt="" coords="616,239,779,265">
<area shape="rect" href="$editortools_8cpp.html" title="code/pgrid/src/editortools.cpp" alt="" coords="1273,471,1481,497">
<area shape="rect" href="$particles_8cpp.html" title="code/pgrid/src/particles.cpp" alt="" coords="623,471,817,497">
<area shape="rect" href="$texture_8cpp.html" title="code/pgrid/src/texture.cpp" alt="" coords="401,471,591,497">
<area shape="rect" href="$grid_8cpp.html" title="code/pgrid/src/grid.cpp" alt="" coords="243,393,408,420">
<area shape="rect" href="$layer_8cpp.html" title="code/pgrid/src/layer.cpp" alt="" coords="48,393,219,420">
<area shape="rect" href="$workspace_8h.html" title="code/pgrid/src/workspace.h" alt="" coords="1056,393,1251,420">
<area shape="rect" href="$pgrid_8cpp.html" title="code/pgrid/src/pgrid.cpp" alt="" coords="1505,471,1679,497">
<area shape="rect" href="$particles_8h.html" title="code/pgrid/src/particles.h" alt="" coords="1516,239,1695,265">
<area shape="rect" href="$main_8cpp.html" title="code/pgrid/src/main.cpp" alt="" coords="959,239,1132,265">
<area shape="rect" href="$screen_8cpp.html" title="code/pgrid/src/screen.cpp" alt="" coords="1156,239,1340,265">
<area shape="rect" href="$grid_8h.html" title="code/pgrid/src/grid.h" alt="" coords="208,316,357,343">
<area shape="rect" href="$editortools_8h.html" title="code/pgrid/src/editortools.h" alt="" coords="635,393,829,420">
<area shape="rect" href="$workspace_8cpp.html" title="code/pgrid/src/workspace.cpp" alt="" coords="1041,471,1249,497">
