<area shape="rect" href="$main_8h.html" title="main.h" alt="" coords="108,393,172,420">
<area shape="rect" href="$grid_8h.html" title="grid.h" alt="" coords="272,84,328,111">
<area shape="rect" href="$particles_8h.html" title="particles.h" alt="" coords="507,161,592,188">
<area shape="rect" href="$editor_8h.html" title="editor.h" alt="" coords="223,161,292,188">
<area shape="rect" href="$x86_8h.html" title="x86.h" alt="" coords="316,161,372,188">
<area shape="rect" href="$pgrid_8h.html" title="pgrid.h" alt="" coords="447,239,511,265">
<area shape="rect" href="$image_8h.html" title="image.h" alt="" coords="288,316,360,343">
<area shape="rect" href="$editortool_8h.html" title="editortool.h" alt="" coords="93,316,187,343">
<area shape="rect" href="$brush_8h.html" title="brush.h" alt="" coords="303,239,372,265">
<area shape="rect" href="$screen_8h.html" title="screen.h" alt="" coords="499,316,573,343">
<area shape="rect" href="$texture_8h.html" title="texture.h" alt="" coords="648,239,728,265">
