<area shape="rect" href="$image_8h.html" title="image.h" alt="" coords="1151,84,1223,111">
<area shape="rect" href="$grid_8h.html" title="grid.h" alt="" coords="1092,239,1148,265">
<area shape="rect" href="$main_8h.html" title="main.h" alt="" coords="987,471,1051,497">
<area shape="rect" href="$pgrid_8h.html" title="pgrid.h" alt="" coords="1317,393,1381,420">
<area shape="rect" href="$layer_8h.html" title="layer.h" alt="" coords="1117,161,1181,188">
<area shape="rect" href="$screen_8h.html" title="screen.h" alt="" coords="1243,471,1317,497">
<area shape="rect" href="$particles_8h.html" title="particles.h" alt="" coords="1341,316,1427,343">
<area shape="rect" href="$editor_8h.html" title="editor.h" alt="" coords="1173,316,1243,343">
<area shape="rect" href="$x86_8h.html" title="x86.h" alt="" coords="1092,316,1148,343">
<area shape="rect" href="$editortool_8h.html" title="editortool.h" alt="" coords="1107,393,1200,420">
<area shape="rect" href="$brush_8h.html" title="brush.h" alt="" coords="1224,393,1293,420">
<area shape="rect" href="$texture_8h.html" title="texture.h" alt="" coords="1456,393,1536,420">
