<area shape="rect" href="$main_8h.html" title="main.h" alt="" coords="1224,548,1288,575">
<area shape="rect" href="$pgrid_8h.html" title="pgrid.h" alt="" coords="1067,84,1131,111">
<area shape="rect" href="$screen_8h.html" title="screen.h" alt="" coords="899,239,973,265">
<area shape="rect" href="$image_8h.html" title="image.h" alt="" coords="1171,161,1243,188">
<area shape="rect" href="$layer_8h.html" title="layer.h" alt="" coords="1167,239,1231,265">
<area shape="rect" href="$grid_8h.html" title="grid.h" alt="" coords="1167,316,1223,343">
<area shape="rect" href="$particles_8h.html" title="particles.h" alt="" coords="947,316,1032,343">
<area shape="rect" href="$editor_8h.html" title="editor.h" alt="" coords="1044,393,1113,420">
<area shape="rect" href="$x86_8h.html" title="x86.h" alt="" coords="1137,393,1193,420">
<area shape="rect" href="$editortool_8h.html" title="editortool.h" alt="" coords="1100,471,1193,497">
<area shape="rect" href="$brush_8h.html" title="brush.h" alt="" coords="1007,471,1076,497">
<area shape="rect" href="$texture_8h.html" title="texture.h" alt="" coords="940,393,1020,420">
