<area shape="rect" href="$editor_8cpp.html" title="code/pgrid/src/editor.cpp" alt="" coords="145,471,321,497">
<area shape="rect" href="$image_8h.html" title="code/pgrid/src/image.h" alt="" coords="911,84,1076,111">
<area shape="rect" href="$editor_8h.html" title="code/pgrid/src/editor.h" alt="" coords="775,239,937,265">
<area shape="rect" href="$grid_8h.html" title="code/pgrid/src/grid.h" alt="" coords="600,316,749,343">
<area shape="rect" href="$layer_8h.html" title="code/pgrid/src/layer.h" alt="" coords="1051,393,1208,420">
<area shape="rect" href="$editortools_8h.html" title="code/pgrid/src/editortools.h" alt="" coords="731,393,925,420">
<area shape="rect" href="$editortools_8cpp.html" title="code/pgrid/src/editortools.cpp" alt="" coords="523,471,731,497">
<area shape="rect" href="$particles_8cpp.html" title="code/pgrid/src/particles.cpp" alt="" coords="1224,471,1419,497">
<area shape="rect" href="$texture_8cpp.html" title="code/pgrid/src/texture.cpp" alt="" coords="1695,471,1884,497">
<area shape="rect" href="$workspace_8h.html" title="code/pgrid/src/workspace.h" alt="" coords="1435,316,1629,343">
<area shape="rect" href="$pgrid_8cpp.html" title="code/pgrid/src/pgrid.cpp" alt="" coords="1587,393,1760,420">
<area shape="rect" href="$workspace_8cpp.html" title="code/pgrid/src/workspace.cpp" alt="" coords="1784,393,1992,420">
<area shape="rect" href="$main_8cpp.html" title="code/pgrid/src/main.cpp" alt="" coords="1459,239,1632,265">
<area shape="rect" href="$screen_8cpp.html" title="code/pgrid/src/screen.cpp" alt="" coords="1656,239,1840,265">
<area shape="rect" href="$editortool_8h.html" title="code/pgrid/src/editortool.h" alt="" coords="549,161,736,188">
<area shape="rect" href="$pgrid_8h.html" title="code/pgrid/src/pgrid.h" alt="" coords="1171,161,1328,188">
<area shape="rect" href="$grid_8cpp.html" title="code/pgrid/src/grid.cpp" alt="" coords="347,393,512,420">
<area shape="rect" href="$layer_8cpp.html" title="code/pgrid/src/layer.cpp" alt="" coords="536,393,707,420">
<area shape="rect" href="$particles_8h.html" title="code/pgrid/src/particles.h" alt="" coords="1131,316,1309,343">
