<area shape="rect" href="$layer_8h.html" title="code/pgrid/src/layer.h" alt="" coords="891,84,1048,111">
<area shape="rect" href="$image_8h.html" title="code/pgrid/src/image.h" alt="" coords="887,161,1052,188">
<area shape="rect" href="$pgrid_8h.html" title="code/pgrid/src/pgrid.h" alt="" coords="603,239,760,265">
<area shape="rect" href="$editor_8cpp.html" title="code/pgrid/src/editor.cpp" alt="" coords="1099,548,1275,575">
<area shape="rect" href="$editor_8h.html" title="code/pgrid/src/editor.h" alt="" coords="888,316,1051,343">
<area shape="rect" href="$editortools_8cpp.html" title="code/pgrid/src/editortools.cpp" alt="" coords="203,548,411,575">
<area shape="rect" href="$particles_8cpp.html" title="code/pgrid/src/particles.cpp" alt="" coords="667,548,861,575">
<area shape="rect" href="$texture_8cpp.html" title="code/pgrid/src/texture.cpp" alt="" coords="885,548,1075,575">
<area shape="rect" href="$grid_8cpp.html" title="code/pgrid/src/grid.cpp" alt="" coords="1344,471,1509,497">
<area shape="rect" href="$layer_8cpp.html" title="code/pgrid/src/layer.cpp" alt="" coords="1533,471,1704,497">
<area shape="rect" href="$workspace_8h.html" title="code/pgrid/src/workspace.h" alt="" coords="441,471,636,497">
<area shape="rect" href="$pgrid_8cpp.html" title="code/pgrid/src/pgrid.cpp" alt="" coords="5,548,179,575">
<area shape="rect" href="$main_8cpp.html" title="code/pgrid/src/main.cpp" alt="" coords="197,316,371,343">
<area shape="rect" href="$screen_8cpp.html" title="code/pgrid/src/screen.cpp" alt="" coords="395,316,579,343">
<area shape="rect" href="$grid_8h.html" title="code/pgrid/src/grid.h" alt="" coords="1395,393,1544,420">
<area shape="rect" href="$editortools_8h.html" title="code/pgrid/src/editortools.h" alt="" coords="872,471,1067,497">
<area shape="rect" href="$workspace_8cpp.html" title="code/pgrid/src/workspace.cpp" alt="" coords="435,548,643,575">
