<area shape="rect" href="$main_8h.html" title="main.h" alt="" coords="939,625,1003,652">
<area shape="rect" href="$pgrid_8h.html" title="pgrid.h" alt="" coords="1136,161,1200,188">
<area shape="rect" href="$image_8h.html" title="image.h" alt="" coords="1132,239,1204,265">
<area shape="rect" href="$editor_8h.html" title="editor.h" alt="" coords="837,471,907,497">
<area shape="rect" href="$brush_8h.html" title="brush.h" alt="" coords="688,548,757,575">
<area shape="rect" href="$workspace_8h.html" title="workspace.h" alt="" coords="857,84,959,111">
<area shape="rect" href="$editortools_8h.html" title="editortools.h" alt="" coords="769,316,871,343">
<area shape="rect" href="$screen_8h.html" title="screen.h" alt="" coords="1407,316,1481,343">
<area shape="rect" href="$layer_8h.html" title="layer.h" alt="" coords="1205,316,1269,343">
<area shape="rect" href="$grid_8h.html" title="grid.h" alt="" coords="1035,393,1091,420">
<area shape="rect" href="$particles_8h.html" title="particles.h" alt="" coords="1267,393,1352,420">
<area shape="rect" href="$x86_8h.html" title="x86.h" alt="" coords="981,471,1037,497">
<area shape="rect" href="$editortool_8h.html" title="editortool.h" alt="" coords="883,548,976,575">
<area shape="rect" href="$texture_8h.html" title="texture.h" alt="" coords="1061,471,1141,497">
