<area shape="rect" href="$screen_8h.html" title="screen.h" alt="" coords="43,161,117,188">
<area shape="rect" href="$image_8h.html" title="image.h" alt="" coords="376,84,448,111">
<area shape="rect" href="$main_8h.html" title="main.h" alt="" coords="279,471,343,497">
<area shape="rect" href="$layer_8h.html" title="layer.h" alt="" coords="232,161,296,188">
<area shape="rect" href="$grid_8h.html" title="grid.h" alt="" coords="247,239,303,265">
<area shape="rect" href="$particles_8h.html" title="particles.h" alt="" coords="87,239,172,265">
<area shape="rect" href="$editor_8h.html" title="editor.h" alt="" coords="377,316,447,343">
<area shape="rect" href="$x86_8h.html" title="x86.h" alt="" coords="297,316,353,343">
<area shape="rect" href="$editortool_8h.html" title="editortool.h" alt="" coords="348,393,441,420">
<area shape="rect" href="$brush_8h.html" title="brush.h" alt="" coords="465,393,535,420">
<area shape="rect" href="$texture_8h.html" title="texture.h" alt="" coords="91,316,171,343">
