<area shape="rect" href="$editor_8cpp.html" title="code/pgrid/src/editor.cpp" alt="" coords="400,393,576,420">
<area shape="rect" href="$image_8h.html" title="code/pgrid/src/image.h" alt="" coords="996,84,1161,111">
<area shape="rect" href="$editor_8h.html" title="code/pgrid/src/editor.h" alt="" coords="1080,161,1243,188">
<area shape="rect" href="$editortools_8cpp.html" title="code/pgrid/src/editortools.cpp" alt="" coords="1156,393,1364,420">
<area shape="rect" href="$particles_8cpp.html" title="code/pgrid/src/particles.cpp" alt="" coords="1620,393,1815,420">
<area shape="rect" href="$texture_8cpp.html" title="code/pgrid/src/texture.cpp" alt="" coords="600,393,789,420">
<area shape="rect" href="$workspace_8h.html" title="code/pgrid/src/workspace.h" alt="" coords="1435,316,1629,343">
<area shape="rect" href="$pgrid_8cpp.html" title="code/pgrid/src/pgrid.cpp" alt="" coords="1839,393,2012,420">
<area shape="rect" href="$particles_8h.html" title="code/pgrid/src/particles.h" alt="" coords="43,161,221,188">
<area shape="rect" href="$main_8cpp.html" title="code/pgrid/src/main.cpp" alt="" coords="1856,84,2029,111">
<area shape="rect" href="$screen_8cpp.html" title="code/pgrid/src/screen.cpp" alt="" coords="2053,84,2237,111">
<area shape="rect" href="$grid_8cpp.html" title="code/pgrid/src/grid.cpp" alt="" coords="1093,316,1259,343">
<area shape="rect" href="$layer_8cpp.html" title="code/pgrid/src/layer.cpp" alt="" coords="680,316,851,343">
<area shape="rect" href="$grid_8h.html" title="code/pgrid/src/grid.h" alt="" coords="856,239,1005,265">
<area shape="rect" href="$editortools_8h.html" title="code/pgrid/src/editortools.h" alt="" coords="875,316,1069,343">
<area shape="rect" href="$layer_8h.html" title="code/pgrid/src/layer.h" alt="" coords="347,316,504,343">
<area shape="rect" href="$workspace_8cpp.html" title="code/pgrid/src/workspace.cpp" alt="" coords="1388,393,1596,420">
