<area shape="rect" href="$main_8h.html" title="main.h" alt="" coords="889,625,953,652">
<area shape="rect" href="$screen_8h.html" title="screen.h" alt="" coords="1093,239,1168,265">
<area shape="rect" href="$pgrid_8h.html" title="pgrid.h" alt="" coords="973,161,1037,188">
<area shape="rect" href="$workspace_8h.html" title="workspace.h" alt="" coords="1168,84,1269,111">
<area shape="rect" href="$image_8h.html" title="image.h" alt="" coords="832,239,904,265">
<area shape="rect" href="$layer_8h.html" title="layer.h" alt="" coords="904,316,968,343">
<area shape="rect" href="$grid_8h.html" title="grid.h" alt="" coords="952,393,1008,420">
<area shape="rect" href="$particles_8h.html" title="particles.h" alt="" coords="1083,393,1168,420">
<area shape="rect" href="$editor_8h.html" title="editor.h" alt="" coords="779,471,848,497">
<area shape="rect" href="$x86_8h.html" title="x86.h" alt="" coords="1009,471,1065,497">
<area shape="rect" href="$editortool_8h.html" title="editortool.h" alt="" coords="791,548,884,575">
<area shape="rect" href="$brush_8h.html" title="brush.h" alt="" coords="697,548,767,575">
<area shape="rect" href="$texture_8h.html" title="texture.h" alt="" coords="1185,471,1265,497">
