<area shape="rect" href="$pgrid_8h.html" title="code/pgrid/src/pgrid.h" alt="" coords="1340,84,1497,111">
<area shape="rect" href="$pgrid_8cpp.html" title="code/pgrid/src/pgrid.cpp" alt="" coords="1891,393,2064,420">
<area shape="rect" href="$screen_8cpp.html" title="code/pgrid/src/screen.cpp" alt="" coords="1827,161,2011,188">
<area shape="rect" href="$editor_8cpp.html" title="code/pgrid/src/editor.cpp" alt="" coords="808,471,984,497">
<area shape="rect" href="$image_8h.html" title="code/pgrid/src/image.h" alt="" coords="776,161,941,188">
<area shape="rect" href="$editor_8h.html" title="code/pgrid/src/editor.h" alt="" coords="935,239,1097,265">
<area shape="rect" href="$editortools_8cpp.html" title="code/pgrid/src/editortools.cpp" alt="" coords="357,471,565,497">
<area shape="rect" href="$particles_8cpp.html" title="code/pgrid/src/particles.cpp" alt="" coords="1220,471,1415,497">
<area shape="rect" href="$texture_8cpp.html" title="code/pgrid/src/texture.cpp" alt="" coords="1657,471,1847,497">
<area shape="rect" href="$workspace_8h.html" title="code/pgrid/src/workspace.h" alt="" coords="1456,316,1651,343">
<area shape="rect" href="$particles_8h.html" title="code/pgrid/src/particles.h" alt="" coords="93,239,272,265">
<area shape="rect" href="$main_8cpp.html" title="code/pgrid/src/main.cpp" alt="" coords="1579,161,1752,188">
<area shape="rect" href="$grid_8cpp.html" title="code/pgrid/src/grid.cpp" alt="" coords="693,393,859,420">
<area shape="rect" href="$layer_8cpp.html" title="code/pgrid/src/layer.cpp" alt="" coords="499,393,669,420">
<area shape="rect" href="$grid_8h.html" title="code/pgrid/src/grid.h" alt="" coords="615,316,764,343">
<area shape="rect" href="$editortools_8h.html" title="code/pgrid/src/editortools.h" alt="" coords="984,393,1179,420">
<area shape="rect" href="$layer_8h.html" title="code/pgrid/src/layer.h" alt="" coords="216,393,373,420">
<area shape="rect" href="$workspace_8cpp.html" title="code/pgrid/src/workspace.cpp" alt="" coords="1507,393,1715,420">
