<area shape="rect" href="$main_8h.html" title="main.h" alt="" coords="1317,548,1381,575">
<area shape="rect" href="$pgrid_8h.html" title="pgrid.h" alt="" coords="1415,84,1479,111">
<area shape="rect" href="$screen_8h.html" title="screen.h" alt="" coords="1632,161,1707,188">
<area shape="rect" href="$texture_8h.html" title="texture.h" alt="" coords="1696,393,1776,420">
<area shape="rect" href="$image_8h.html" title="image.h" alt="" coords="1371,161,1443,188">
<area shape="rect" href="$layer_8h.html" title="layer.h" alt="" coords="1384,239,1448,265">
<area shape="rect" href="$grid_8h.html" title="grid.h" alt="" coords="1339,316,1395,343">
<area shape="rect" href="$particles_8h.html" title="particles.h" alt="" coords="1581,316,1667,343">
<area shape="rect" href="$editor_8h.html" title="editor.h" alt="" coords="1205,393,1275,420">
<area shape="rect" href="$x86_8h.html" title="x86.h" alt="" coords="1349,393,1405,420">
<area shape="rect" href="$editortool_8h.html" title="editortool.h" alt="" coords="1261,471,1355,497">
<area shape="rect" href="$brush_8h.html" title="brush.h" alt="" coords="1168,471,1237,497">
