<area shape="rect" href="$particles_8h.html" title="code/pgrid/src/particles.h" alt="" coords="1219,84,1397,111">
<area shape="rect" href="$texture_8cpp.html" title="code/pgrid/src/texture.cpp" alt="" coords="1608,625,1797,652">
<area shape="rect" href="$workspace_8h.html" title="code/pgrid/src/workspace.h" alt="" coords="1084,471,1279,497">
<area shape="rect" href="$screen_8cpp.html" title="code/pgrid/src/screen.cpp" alt="" coords="1791,393,1975,420">
<area shape="rect" href="$layer_8h.html" title="code/pgrid/src/layer.h" alt="" coords="705,161,863,188">
<area shape="rect" href="$image_8h.html" title="code/pgrid/src/image.h" alt="" coords="701,239,867,265">
<area shape="rect" href="$pgrid_8h.html" title="code/pgrid/src/pgrid.h" alt="" coords="1221,316,1379,343">
<area shape="rect" href="$editor_8cpp.html" title="code/pgrid/src/editor.cpp" alt="" coords="1215,625,1391,652">
<area shape="rect" href="$editor_8h.html" title="code/pgrid/src/editor.h" alt="" coords="703,393,865,420">
<area shape="rect" href="$editortools_8cpp.html" title="code/pgrid/src/editortools.cpp" alt="" coords="444,625,652,652">
<area shape="rect" href="$particles_8cpp.html" title="code/pgrid/src/particles.cpp" alt="" coords="687,625,881,652">
<area shape="rect" href="$grid_8cpp.html" title="code/pgrid/src/grid.cpp" alt="" coords="244,548,409,575">
<area shape="rect" href="$layer_8cpp.html" title="code/pgrid/src/layer.cpp" alt="" coords="49,548,220,575">
<area shape="rect" href="$pgrid_8cpp.html" title="code/pgrid/src/pgrid.cpp" alt="" coords="1441,548,1615,575">
<area shape="rect" href="$main_8cpp.html" title="code/pgrid/src/main.cpp" alt="" coords="1593,393,1767,420">
<area shape="rect" href="$grid_8h.html" title="code/pgrid/src/grid.h" alt="" coords="209,471,359,497">
<area shape="rect" href="$editortools_8h.html" title="code/pgrid/src/editortools.h" alt="" coords="687,548,881,575">
<area shape="rect" href="$workspace_8cpp.html" title="code/pgrid/src/workspace.cpp" alt="" coords="1057,548,1265,575">
