<area shape="rect" href="$main_8h.html" title="main.h" alt="" coords="1235,625,1299,652">
<area shape="rect" href="$pgrid_8h.html" title="pgrid.h" alt="" coords="1508,161,1572,188">
<area shape="rect" href="$image_8h.html" title="image.h" alt="" coords="1267,239,1339,265">
<area shape="rect" href="$editor_8h.html" title="editor.h" alt="" coords="1147,471,1216,497">
<area shape="rect" href="$brush_8h.html" title="brush.h" alt="" coords="1641,548,1711,575">
<area shape="rect" href="$texture_8h.html" title="texture.h" alt="" coords="1560,471,1640,497">
<area shape="rect" href="$workspace_8h.html" title="workspace.h" alt="" coords="1328,84,1429,111">
<area shape="rect" href="$editortools_8h.html" title="editortools.h" alt="" coords="979,316,1080,343">
<area shape="rect" href="$screen_8h.html" title="screen.h" alt="" coords="1664,316,1739,343">
<area shape="rect" href="$layer_8h.html" title="layer.h" alt="" coords="1269,316,1333,343">
<area shape="rect" href="$grid_8h.html" title="grid.h" alt="" coords="987,393,1043,420">
<area shape="rect" href="$particles_8h.html" title="particles.h" alt="" coords="1557,393,1643,420">
<area shape="rect" href="$x86_8h.html" title="x86.h" alt="" coords="1052,471,1108,497">
<area shape="rect" href="$editortool_8h.html" title="editortool.h" alt="" coords="1111,548,1204,575">
