<area shape="rect" href="$main_8h.html" title="main.h" alt="" coords="273,548,337,575">
<area shape="rect" href="$pgrid_8h.html" title="pgrid.h" alt="" coords="392,84,456,111">
<area shape="rect" href="$editor_8h.html" title="editor.h" alt="" coords="144,393,213,420">
<area shape="rect" href="$texture_8h.html" title="texture.h" alt="" coords="595,393,675,420">
<area shape="rect" href="$screen_8h.html" title="screen.h" alt="" coords="499,239,573,265">
<area shape="rect" href="$image_8h.html" title="image.h" alt="" coords="352,161,424,188">
<area shape="rect" href="$layer_8h.html" title="layer.h" alt="" coords="359,239,423,265">
<area shape="rect" href="$grid_8h.html" title="grid.h" alt="" coords="317,316,373,343">
<area shape="rect" href="$particles_8h.html" title="particles.h" alt="" coords="549,316,635,343">
<area shape="rect" href="$x86_8h.html" title="x86.h" alt="" coords="368,393,424,420">
<area shape="rect" href="$editortool_8h.html" title="editortool.h" alt="" coords="5,471,99,497">
<area shape="rect" href="$brush_8h.html" title="brush.h" alt="" coords="123,471,192,497">
