<area shape="rect" href="$main_8h.html" title="main.h" alt="" coords="895,625,959,652">
<area shape="rect" href="$workspace_8h.html" title="workspace.h" alt="" coords="1067,84,1168,111">
<area shape="rect" href="$pgrid_8h.html" title="pgrid.h" alt="" coords="1085,161,1149,188">
<area shape="rect" href="$editor_8h.html" title="editor.h" alt="" coords="892,471,961,497">
<area shape="rect" href="$texture_8h.html" title="texture.h" alt="" coords="1287,471,1367,497">
<area shape="rect" href="$screen_8h.html" title="screen.h" alt="" coords="1168,316,1243,343">
<area shape="rect" href="$image_8h.html" title="image.h" alt="" coords="872,239,944,265">
<area shape="rect" href="$layer_8h.html" title="layer.h" alt="" coords="1016,316,1080,343">
<area shape="rect" href="$grid_8h.html" title="grid.h" alt="" coords="1008,393,1064,420">
<area shape="rect" href="$particles_8h.html" title="particles.h" alt="" coords="1240,393,1325,420">
<area shape="rect" href="$x86_8h.html" title="x86.h" alt="" coords="1061,471,1117,497">
<area shape="rect" href="$editortool_8h.html" title="editortool.h" alt="" coords="880,548,973,575">
<area shape="rect" href="$brush_8h.html" title="brush.h" alt="" coords="997,548,1067,575">
