<area shape="rect" href="$grid_8h.html" title="code/pgrid/src/grid.h" alt="" coords="240,84,389,111">
<area shape="rect" href="$layer_8h.html" title="code/pgrid/src/layer.h" alt="" coords="732,161,889,188">
<area shape="rect" href="$editortools_8h.html" title="code/pgrid/src/editortools.h" alt="" coords="453,471,648,497">
<area shape="rect" href="$grid_8cpp.html" title="code/pgrid/src/grid.cpp" alt="" coords="48,471,213,497">
<area shape="rect" href="$layer_8cpp.html" title="code/pgrid/src/layer.cpp" alt="" coords="1248,316,1419,343">
<area shape="rect" href="$image_8h.html" title="code/pgrid/src/image.h" alt="" coords="728,239,893,265">
<area shape="rect" href="$pgrid_8h.html" title="code/pgrid/src/pgrid.h" alt="" coords="732,316,889,343">
<area shape="rect" href="$editor_8cpp.html" title="code/pgrid/src/editor.cpp" alt="" coords="163,548,339,575">
<area shape="rect" href="$editor_8h.html" title="code/pgrid/src/editor.h" alt="" coords="352,393,515,420">
<area shape="rect" href="$editortools_8cpp.html" title="code/pgrid/src/editortools.cpp" alt="" coords="1005,548,1213,575">
<area shape="rect" href="$particles_8cpp.html" title="code/pgrid/src/particles.cpp" alt="" coords="1237,548,1432,575">
<area shape="rect" href="$texture_8cpp.html" title="code/pgrid/src/texture.cpp" alt="" coords="363,548,552,575">
<area shape="rect" href="$workspace_8h.html" title="code/pgrid/src/workspace.h" alt="" coords="723,471,917,497">
<area shape="rect" href="$pgrid_8cpp.html" title="code/pgrid/src/pgrid.cpp" alt="" coords="808,548,981,575">
<area shape="rect" href="$particles_8h.html" title="code/pgrid/src/particles.h" alt="" coords="1248,393,1427,420">
<area shape="rect" href="$main_8cpp.html" title="code/pgrid/src/main.cpp" alt="" coords="899,393,1072,420">
<area shape="rect" href="$screen_8cpp.html" title="code/pgrid/src/screen.cpp" alt="" coords="539,393,723,420">
<area shape="rect" href="$workspace_8cpp.html" title="code/pgrid/src/workspace.cpp" alt="" coords="576,548,784,575">
